****************************************************************************
* hwloc 2.7.1 received invalid information from the operating system.
*
* Failed with: intersection without inclusion
* while inserting Group0 (P#8 cpuset 0x000f0000) at L1d (P#8 cpuset 0x00010006)
* coming from: linux:sysfs:cluster
*
* The following FAQ entry in the hwloc documentation may help:
*   What should I do when hwloc reports "operating system" warnings?
* Otherwise please report this error message to the hwloc user's mailing list,
* along with the files generated by the hwloc-gather-topology script.
* 
* hwloc will now ignore this invalid topology information and continue.
****************************************************************************
hwloc/linux: Ignoring PCI device with non-16bit domain.
Pass --enable-32bits-pci-domain to configure to support such devices
(warning: it would break the library ABI, don't enable unless really needed).
Welcome to: Ludwig v0.23.0 (Serial version running on 1 process)
Git commit: e2e0fd7cb5b2599d9615e757779c1b834df541c2

Start time: Sat Sep 26 18:01:37 2026

Compiler:
  name:           NVIDIA nvcc 13.3.73
  version-string: none
  options:        -ccbin=/usr/local/ompi/bin/mpicc -O0 -g -G -DADDR_SOA -DNSIMDVL=4 -arch=sm_89 -x cu -dc -Xcompiler -Wall

Note assertions via standard C assert() are on.

Target thread model: CUDA.
Default threads per block: 128; max. threads per block: 1024.

Read 44 user parameters from input

System details
--------------
System size:    32 32 34
Decomposition:  1 1 1
Local domain:   32 32 34
Periodic:       1 1 1
Halo nhalo:     3
Reorder:        true
Initialised:    1

Free energy details
-------------------

Electrokinetics (single fluid) selected

Parameters:
Electrokinetic species:     2
Boltzmann factor:           1.0000000e+05 (T =  1.0000000e-05)
Unit charge:                1.0000000e+00
Permittivity:               1.0000000e+04
Bjerrum length:             7.9577472e-01
Valency species 0:          1
Diffusivity species 0:      1.0000000e-02
Valency species 1:         -1
Diffusivity species 1:      1.0000000e-02
Solver type:                        petsc
Solver stencil points:                 27
Relative tolerance:         1.0000000e-18
Absolute tolerance:         1.0000000e-18
Max. no. of iterations:             10000
Number of multisteps:       1
Diffusive accuracy in NPE:  0.0000000e+00
Force calculation:      phi_gradmu_correction

System properties
----------------
Mean fluid density:           8.00000e-01
Shear viscosity               5.00000e-02
Bulk viscosity                5.00000e-02
Temperature                   1.00000e-05
External body force density   0.00000e+00  0.00000e+00  0.00000e+00
External E-field amplitude    0.00000e+00  0.00000e+00  0.00000e+00
External E-field frequency    0.00000e+00
External magnetic field       0.00000e+00  0.00000e+00  0.00000e+00

Lattice Boltzmann distributions
-------------------------------
Model:            d3q19 R
SIMD vector len:  4
Number of sets:   1
Halo type:        full halo
Input format:     binary
Output format:    binary
I/O grid:         1 1 1

Lattice Boltzmann collision
---------------------------
Relaxation time scheme:   M10
Hydrodynamic modes:       on
Ghost modes:              on
Isothermal fluctuations:  off
Shear relaxation time:    6.87500e-01
Bulk relaxation time:     6.87500e-01
Ghost relaxation time:    1.00000e+00
[User   ] Random number seed: 8361235

Hydrodynamics
-------------
Hydrodynamics: on

Advection scheme order:  1 (default)

Initial charge densities
------------------------
Initial conditions:         Uniform
Initial condition rho_el:  0.0000000e+00
Debye length:                        inf

Porous Media
------------
Wall boundary links allocated:   10240
Memory (total, bytes):           163840

Colloid information
-------------------

Colloid I/O settings
--------------------
Decomposition:                1  1  1
Number of files:              1
Input format:                 ascii
Output format:                ascii
Single file read flag:        0

colloid_io_read: reading from config.cds.init.001-001 etc
Read a total of 1 colloids from file

Initialised 1 colloid

Colloid cell list information
-----------------------------
Input radius maximum:         1.0000000e+00
Final cell list:              9 9 9
Final cell lengths:           3.5555556e+00  3.5555556e+00  3.7777778e+00


Arranging initial charge neutrality.

[DIAG psi_electroneutral] qtot=1.0000000000000000e+00 n_near=0 n_near_global=0 vf=32768 vf_eff=32768 rho_el=0.0000000000000000e+00 rhoi=3.0517578125000000e-05 rhoi_opp=0.0000000000000000e+00 nc=1 nn=0
Subgrid kernel set from input: hann
Hann kernel order set from input: 6
Interlacing mode set from input: 0
Initial conditions.

Scalars - total mean variance min max
[rho]       26214.40  0.80000000000  4.3731685e-13  0.80000000000  0.80000000000
[psi]  0.0000000e+00  0.0000000e+00  0.0000000e+00
[rho]  0.0000000e+00  0.0000000e+00  0.0000000e+00
[rho]  1.0000000e+00  0.0000000e+00  3.0517578e-05
[elc] -1.0000000e+00 -3.0517578e-05  0.0000000e+00
[psi_zeta]  0.0000000e+00
[psi]  0.0000000e+00  0.0000000e+00  0.0000000e+00
[rho]  0.0000000e+00  0.0000000e+00  0.0000000e+00
[rho]  1.0000000e+00  0.0000000e+00  3.0517578e-05
[elc] -1.0000000e+00 -3.0517578e-05  0.0000000e+00

Free energies - timestep f v f/v f_s a f_s/a
[fe]              0 -1.1397207708e+01  3.2768000000e+04 -3.4781517665e-04  0.0000000000e+00

Momentum - x y z
[total   ]  0.0000000e+00  1.1368684e-13  0.0000000e+00
[fluid   ]  0.0000000e+00  1.1368684e-13  0.0000000e+00
[colloids]  0.0000000e+00  0.0000000e+00  0.0000000e+00
[subgrid ]  0.0000000e+00  0.0000000e+00  0.0000000e+00
[walls   ]  0.0000000e+00  0.0000000e+00  0.0000000e+00

Total force - x y z
[fluid   ]  0.0000000e+00  0.0000000e+00  0.0000000e+00
[colloids]  0.0000000e+00  0.0000000e+00  0.0000000e+00
[subgrid ]  0.0000000e+00  0.0000000e+00  0.0000000e+00

Starting time step loop.
Per-particle csv output frequency: 1
Kappa calculado: 0.017469281074217
particle_Esub.csv: created new file
particle_force.csv: created new file
Using non-Ewald solver

Constant-potential walls (PETSc, Asta et al. 2019)
Wall axis:                              z
Potential lower wall:       0.0000000e+00
Potential upper wall:       0.0000000e+00

Particle statistics:

Colloid velocities - x y z
[minimum ]  0.0000000e+00  0.0000000e+00  0.0000000e+00
[maximum ]  0.0000000e+00  0.0000000e+00  0.0000000e+00

Krylov solver
Norm of residual 9.1975e-17 at 20 iterations
Wall charge lower -3.124999999999978e-01 upper  3.124999999999942e-01
Fluid charge       1.110223024625157e-16 total -3.552713678800501e-15
  Current step =0
Writing distribution output at step 1!
MPIIO wrote to dist-000000001.001-001
-       dist aggregated  15.876 MB in   0.141 seconds
-       dist wrote       15.876 MB in   0.005 seconds
-       dist rate         2.948 GB per second
Writing colloid output at step 1!

colloid_io_write:
writing colloid information to config.cds00000001.001-001 etc
Writing electrokinetic data at step 1!
MPIIO wrote to psi-000000001.001-001
-        psi aggregated   0.836 MB in   0.010 seconds
-        psi wrote        0.836 MB in   0.001 seconds
-        psi rate         1.199 GB per second
MPIIO wrote to qsi-000000001.001-001
-        qsi aggregated   1.636 MB in   0.016 seconds
-        qsi wrote        1.636 MB in   0.001 seconds
-        qsi rate         2.107 GB per second
MPIIO wrote to efield-000000001.001-001
-     efield aggregated   2.437 MB in   0.027 seconds
-     efield wrote        2.437 MB in   0.001 seconds
-     efield rate         2.511 GB per second
Writing rho/velocity output at step 1!
MPIIO wrote to rho-000000001.001-001
-        rho aggregated   0.836 MB in   0.008 seconds
-        rho wrote        0.836 MB in   0.001 seconds
-        rho rate         1.389 GB per second
MPIIO wrote to vel-000000001.001-001
-        vel aggregated   2.437 MB in   0.028 seconds
-        vel wrote        2.437 MB in   0.001 seconds
-        vel rate         2.150 GB per second

Scalars - total mean variance min max
[rho]       26214.40  0.80000000000  3.1719072e-13  0.79999999964  0.80000000045
[psi] -7.9673079e+01 -1.9030119e-02  4.8453784e-01
[rho]  0.0000000e+00  0.0000000e+00  0.0000000e+00
[rho]  1.0000000e+00  0.0000000e+00  3.1135774e-05
[elc] -1.0000000e+00 -3.1135774e-05  0.0000000e+00
[psi_zeta]  0.0000000e+00
[psi] -7.9673079e+01 -1.9030119e-02  4.8453784e-01
[rho]  0.0000000e+00  0.0000000e+00  0.0000000e+00
[rho]  1.0000000e+00  0.0000000e+00  3.1135774e-05
[elc] -1.0000000e+00 -3.1135774e-05  0.0000000e+00

Free energies - timestep f v f/v f_s a f_s/a
[fe]              1 -1.1395994960e+01  3.2768000000e+04 -3.4777816651e-04  0.0000000000e+00

Momentum - x y z
[total   ] -2.8102521e-16  1.3149204e-15 -3.0400970e-08
[fluid   ] -2.8102520e-16  1.3149204e-15 -3.2008870e-08
[colloids]  0.0000000e+00  0.0000000e+00  0.0000000e+00
[subgrid ] -2.8049516e-24 -2.4183953e-25 -2.9944966e-10
[walls   ]  0.0000000e+00  0.0000000e+00  1.9073491e-09

Total force - x y z
[fluid   ] -2.8196085e-22 -2.4208673e-23 -3.0101526e-08
[colloids]  0.0000000e+00  0.0000000e+00  0.0000000e+00
[subgrid ] -2.8196181e-22 -2.4310442e-23 -3.0101526e-08

Velocity - x y z
[minimum ] -2.1181088e-11 -2.1181088e-11 -6.5945992e-10
[maximum ]  2.1181088e-11  2.1181088e-11  1.3422939e-11

Completed cycle 1

Timer resolution: 1e-09 second

Timer statistics
             Section:       tmin       tmax      total
               Total:      1.521      1.521      1.521   1.520969 (1 call)
      Time step loop:      0.505      0.505      0.505   0.504912 (1 call)
         Propagation:      0.001      0.001      0.001   0.000952 (1 call)
    Propagtn (krnl) :      0.001      0.001      0.001   0.000914 (1 call)
           Collision:      0.019      0.019      0.019   0.019348 (1 call)
   Collision (krnl) :      0.019      0.019      0.019   0.019291 (1 call)
       Lattice halos:      0.000      0.004      0.008   0.001644 (5 calls)
            -> irecv:      0.000      0.000      0.000   0.000001 (2 calls)
             -> pack:      0.000      0.000      0.001   0.000459 (2 calls)
            -> isend:      0.000      0.000      0.000   0.000000 (2 calls)
          -> waitall:      0.000      0.000      0.000   0.000001 (2 calls)
           -> unpack:      0.001      0.001      0.001   0.000519 (2 calls)
       phi gradients:      0.000      0.000      0.000   0.000000 (1 call)
            -> irecv:      0.000      0.000      0.000   0.000001 (8 calls)
             -> pack:      0.000      0.001      0.002   0.000254 (8 calls)
            -> isend:      0.000      0.000      0.000   0.000000 (8 calls)
          -> waitall:      0.000      0.000      0.000   0.000001 (8 calls)
           -> unpack:      0.000      0.000      0.001   0.000176 (8 calls)
              Forces:      0.003      0.003      0.003   0.002881 (1 call)
             Rebuild:      0.002      0.002      0.002   0.001579 (1 call)
                 BBL:      0.005      0.005      0.005   0.004559 (1 call)
      Particle halos:      0.000      0.000      0.000   0.000051 (1 call)
   Force calculation:      0.007      0.021      0.028   0.013910 (2 calls)
          phi update:      0.000      0.000      0.000   0.000000 (1 call)
    Poisson equation:      0.112      0.112      0.112   0.111696 (1 call)
       Nernst Planck:      0.017      0.017      0.017   0.016783 (1 call)
Diagnostics / output:      0.288      0.288      0.288   0.288496 (1 call)
Warning: key/value present in input but not used:
(Line 83): pm_sr_rcut
Warning: key/value present in input but not used:
(Line 82): pm_sr_pair_ref
Warning: key/value present in input but not used:
(Line 81): pm_sr_sigma
End time: Sat Sep 26 18:01:39 2026
Ludwig finished normally.
