****************************************************************************
* hwloc 2.7.1 received invalid information from the operating system.
*
* Failed with: intersection without inclusion
* while inserting Group0 (P#8 cpuset 0x000f0000) at L1d (P#8 cpuset 0x00010006)
* coming from: linux:sysfs:cluster
*
* The following FAQ entry in the hwloc documentation may help:
*   What should I do when hwloc reports "operating system" warnings?
* Otherwise please report this error message to the hwloc user's mailing list,
* along with the files generated by the hwloc-gather-topology script.
* 
* hwloc will now ignore this invalid topology information and continue.
****************************************************************************
hwloc/linux: Ignoring PCI device with non-16bit domain.
Pass --enable-32bits-pci-domain to configure to support such devices
(warning: it would break the library ABI, don't enable unless really needed).
Generating porous solid with parameters:
  Random seed: 20260924
  Cube side: 48
  Periodicity (x,y,z): 1,1,1
  Mean bond distance: 3.0000
  Bond delta: 0.5000 (accepted range [2.5000, 3.5000])
  Point density: 0.1500
  Minimum separation: 2.3000 (set explicitly)
  Shape: sphere of radius 8.0000 centred at (24.50, 24.50, 24.50), non-periodic bonding
  Target number of free points: 322 (volume 2144.7)
  Max bonds per point: 6

Filling the free volume with random points...
Placed 158 of 322 target free points after 644000 attempts
Warning: could not reach the target point count -- the minimum separation (2.3000) may be too large for the requested density.

Creating bonds (target length 3.0000 +/- 0.5000)...
Added 373 bonds

Network statistics:
  Total points: 158
  Fixed points: 0
  Wall-layer points (anchored along the normal only): 0
  Cube side: 48.0000
  Bond length target: 3.0000 (delta: 0.5000)
  Min bonds per point: 1
  Max bonds per point: 6
  Avg bonds per point: 4.7215
  Points with no bonds: 0
  Total bonds: 373
  Min bonded distance: 2.500857
  Max bonded distance: 3.495379
  Avg bonded distance: 2.956293
