****************************************************************************
* hwloc 2.7.1 received invalid information from the operating system.
*
* Failed with: intersection without inclusion
* while inserting Group0 (P#8 cpuset 0x000f0000) at L1d (P#8 cpuset 0x00010006)
* coming from: linux:sysfs:cluster
*
* The following FAQ entry in the hwloc documentation may help:
*   What should I do when hwloc reports "operating system" warnings?
* Otherwise please report this error message to the hwloc user's mailing list,
* along with the files generated by the hwloc-gather-topology script.
* 
* hwloc will now ignore this invalid topology information and continue.
****************************************************************************
hwloc/linux: Ignoring PCI device with non-16bit domain.
Pass --enable-32bits-pci-domain to configure to support such devices
(warning: it would break the library ABI, don't enable unless really needed).
Welcome to: Ludwig v0.23.0 (Serial version running on 1 process)
Git commit: e2e0fd7cb5b2599d9615e757779c1b834df541c2

Start time: Sat Sep 26 17:44:20 2026

Compiler:
  name:           NVIDIA nvcc 13.3.73
  version-string: none
  options:        -ccbin=/usr/local/ompi/bin/mpicc -O0 -g -G -DADDR_SOA -DNSIMDVL=4 -arch=sm_89 -x cu -dc -Xcompiler -Wall

Note assertions via standard C assert() are on.

Target thread model: CUDA.
Default threads per block: 128; max. threads per block: 1024.

Read 39 user parameters from input
Increasing halo width to 4 to cover subgrid kernel (krange = 4)

System details
--------------
System size:    48 48 48
Decomposition:  1 1 1
Local domain:   48 48 48
Periodic:       1 1 1
Halo nhalo:     4
Reorder:        true
Initialised:    1

Free energy details
-------------------

Electrokinetics (single fluid) selected

Parameters:
Electrokinetic species:     2
Boltzmann factor:           1.0000000e+05 (T =  1.0000000e-05)
Unit charge:                1.0000000e+00
Permittivity:               1.0000000e+04
Bjerrum length:             7.9577472e-01
Valency species 0:          1
Diffusivity species 0:      1.0000000e-02
Valency species 1:         -1
Diffusivity species 1:      1.0000000e-02
Solver type:                        petsc
Solver stencil points:                 27
Relative tolerance:         1.0000000e-18
Absolute tolerance:         1.0000000e-18
Max. no. of iterations:             10000
Number of multisteps:       1
Diffusive accuracy in NPE:  0.0000000e+00
Force calculation:      phi_gradmu_correction

System properties
----------------
Mean fluid density:           8.00000e-01
Shear viscosity               5.00000e-02
Bulk viscosity                5.00000e-02
Temperature                   1.00000e-05
External body force density   0.00000e+00  0.00000e+00  0.00000e+00
External E-field amplitude    0.00000e+00  0.00000e+00  0.00000e+00
External E-field frequency    0.00000e+00
External magnetic field       0.00000e+00  0.00000e+00  0.00000e+00

Lattice Boltzmann distributions
-------------------------------
Model:            d3q19 R
SIMD vector len:  4
Number of sets:   1
Halo type:        full halo
Input format:     binary
Output format:    binary
I/O grid:         1 1 1

Lattice Boltzmann collision
---------------------------
Relaxation time scheme:   M10
Hydrodynamic modes:       on
Ghost modes:              on
Isothermal fluctuations:  off
Shear relaxation time:    6.87500e-01
Bulk relaxation time:     6.87500e-01
Ghost relaxation time:    1.00000e+00
[User   ] Random number seed: 8361235

Hydrodynamics
-------------
Hydrodynamics: on

Advection scheme order:  1 (default)

Initial charge densities
------------------------
Initial conditions:         Uniform
Initial condition rho_el:  7.7188000e-04
Debye length:              8.0484103e+00

Colloid information
-------------------

Colloid I/O settings
--------------------
Decomposition:                1  1  1
Number of files:              1
Input format:                 ascii
Output format:                ascii
Single file read flag:        0

colloid_io_read: reading from config.cds.init.001-001 etc
Read a total of 1 colloids from file

Initialised 1 colloid

Colloid cell list information
-----------------------------
Input radius maximum:         1.0000000e+00
Final cell list:              10 10 10
Final cell lengths:           4.8000000e+00  4.8000000e+00  4.8000000e+00


Arranging initial charge neutrality.

[DIAG psi_electroneutral] qtot=1.0000000000000000e+00 n_near=0 n_near_global=0 vf=110592 vf_eff=110592 rho_el=7.7187999999999996e-04 rhoi=9.0422453703703699e-06 rhoi_opp=0.0000000000000000e+00 nc=1 nn=0
Subgrid kernel set from input: hann
Hann kernel order set from input: 8
Interlacing mode set from input: 0
Initial conditions.

Scalars - total mean variance min max
[rho]       88473.60  0.80000000000  3.1256109e-12  0.80000000000  0.80000000000
[psi]  0.0000000e+00  0.0000000e+00  0.0000000e+00
[rho]  8.5363753e+01  7.7188000e-04  7.7188000e-04
[rho]  8.6363753e+01  7.8092225e-04  7.8092225e-04
[elc] -1.0000000e+00 -9.0422454e-06 -9.0422454e-06
[psi_zeta]  0.0000000e+00
[psi]  0.0000000e+00  0.0000000e+00  0.0000000e+00
[rho]  8.5363753e+01  7.7188000e-04  7.7188000e-04
[rho]  8.6363753e+01  7.8092225e-04  7.8092225e-04
[elc] -1.0000000e+00 -9.0422454e-06 -9.0422454e-06

Free energies - timestep f v f/v f_s a f_s/a
[fe]              0 -1.4014380043e+03  1.1059200000e+05 -1.2672146306e-02  0.0000000000e+00

Momentum - x y z
[total   ]  0.0000000e+00  3.8369308e-13  0.0000000e+00
[fluid   ]  0.0000000e+00  3.8369308e-13  0.0000000e+00
[colloids]  0.0000000e+00  0.0000000e+00  0.0000000e+00
[subgrid ]  0.0000000e+00  0.0000000e+00  0.0000000e+00

Total force - x y z
[fluid   ]  0.0000000e+00  0.0000000e+00  0.0000000e+00
[colloids]  0.0000000e+00  0.0000000e+00  0.0000000e+00
[subgrid ]  0.0000000e+00  0.0000000e+00  0.0000000e+00

Starting time step loop.
Per-particle csv output frequency: 1
Kappa calculado: 0.124611486042434
particle_Esub.csv: appending to existing file
particle_force.csv: appending to existing file
Using non-Ewald solver

Building PM short-range correction tables
  kernel half-support (krange) = 4
  sigma   = 1.446
  r_cut   = 6
  n_voxel = 8
  nr (3D) = 32
PM short-range correction tables built.
  pair target shape = gauss
  pair reference  = measured on the mesh
  mesh reference read from pm_sr_meshref_k5_n8_L48x48x48_rc6_nr256.dat
PM colloid-colloid pair correction table built.
  Current step =0
Writing distribution output at step 1!
MPIIO wrote to dist-000000001.001-001
-       dist aggregated  50.430 MB in   0.403 seconds
-       dist wrote       50.430 MB in   0.038 seconds
-       dist rate         1.328 GB per second
Writing colloid output at step 1!

colloid_io_write:
writing colloid information to config.cds00000001.001-001 etc
Writing electrokinetic data at step 1!
MPIIO wrote to psi-000000001.001-001
-        psi aggregated   2.654 MB in   0.027 seconds
-        psi wrote        2.654 MB in   0.004 seconds
-        psi rate         0.639 GB per second
MPIIO wrote to qsi-000000001.001-001
-        qsi aggregated   5.198 MB in   0.046 seconds
-        qsi wrote        5.198 MB in   0.008 seconds
-        qsi rate         0.672 GB per second
MPIIO wrote to efield-000000001.001-001
-     efield aggregated   7.741 MB in   0.089 seconds
-     efield wrote        7.741 MB in   0.007 seconds
-     efield rate         1.055 GB per second
Writing rho/velocity output at step 1!
MPIIO wrote to rho-000000001.001-001
-        rho aggregated   2.654 MB in   0.029 seconds
-        rho wrote        2.654 MB in   0.004 seconds
-        rho rate         0.658 GB per second
MPIIO wrote to vel-000000001.001-001
-        vel aggregated   7.741 MB in   0.094 seconds
-        vel wrote        7.741 MB in   0.004 seconds
-        vel rate         2.122 GB per second

Timer resolution: 1e-09 second

Timer statistics
             Section:       tmin       tmax      total
               Total:     35.259     35.259     35.259  35.259193 (1 call)
      Time step loop:      1.013      1.013      1.013   1.013458 (1 call)
         Propagation:      0.001      0.001      0.001   0.001015 (1 call)
    Propagtn (krnl) :      0.001      0.001      0.001   0.000832 (1 call)
           Collision:      0.015      0.015      0.015   0.014920 (1 call)
   Collision (krnl) :      0.015      0.015      0.015   0.014892 (1 call)
       Lattice halos:      0.000      0.005      0.013   0.002615 (5 calls)
            -> irecv:      0.000      0.000      0.000   0.000001 (2 calls)
             -> pack:      0.000      0.000      0.000   0.000243 (2 calls)
            -> isend:      0.000      0.000      0.000   0.000000 (2 calls)
          -> waitall:      0.000      0.000      0.000   0.000001 (2 calls)
           -> unpack:      0.000      0.000      0.000   0.000235 (2 calls)
       phi gradients:      0.000      0.000      0.000   0.000000 (1 call)
            -> irecv:      0.000      0.000      0.000   0.000001 (10 calls)
             -> pack:      0.000      0.001      0.003   0.000321 (10 calls)
            -> isend:      0.000      0.000      0.000   0.000000 (10 calls)
          -> waitall:      0.000      0.000      0.000   0.000001 (10 calls)
           -> unpack:      0.000      0.002      0.003   0.000309 (10 calls)
              Forces:      0.003      0.003      0.003   0.003426 (1 call)
             Rebuild:      0.004      0.004      0.004   0.004482 (1 call)
                 BBL:      0.009      0.009      0.009   0.008892 (1 call)
      Particle halos:      0.000      0.000      0.000   0.000057 (1 call)
   Force calculation:      0.011      0.049      0.060   0.030033 (2 calls)
          phi update:      0.000      0.000      0.000   0.000000 (1 call)
    Poisson equation:      0.110      0.110      0.110   0.109688 (1 call)
       Nernst Planck:      0.010      0.010      0.010   0.009611 (1 call)
Diagnostics / output:      0.770      0.770      0.770   0.770071 (1 call)
End time: Sat Sep 26 17:44:55 2026
Ludwig finished normally.
