****************************************************************************
* hwloc 2.7.1 received invalid information from the operating system.
*
* Failed with: intersection without inclusion
* while inserting Group0 (P#8 cpuset 0x000f0000) at L1d (P#8 cpuset 0x00010006)
* coming from: linux:sysfs:cluster
*
* The following FAQ entry in the hwloc documentation may help:
*   What should I do when hwloc reports "operating system" warnings?
* Otherwise please report this error message to the hwloc user's mailing list,
* along with the files generated by the hwloc-gather-topology script.
* 
* hwloc will now ignore this invalid topology information and continue.
****************************************************************************
hwloc/linux: Ignoring PCI device with non-16bit domain.
Pass --enable-32bits-pci-domain to configure to support such devices
(warning: it would break the library ABI, don't enable unless really needed).
Welcome to: Ludwig v0.23.0 (Serial version running on 1 process)
Git commit: e2e0fd7cb5b2599d9615e757779c1b834df541c2

Start time: Sat Sep 26 18:01:21 2026

Compiler:
  name:           NVIDIA nvcc 13.3.73
  version-string: none
  options:        -ccbin=/usr/local/ompi/bin/mpicc -O0 -g -G -DADDR_SOA -DNSIMDVL=4 -arch=sm_89 -x cu -dc -Xcompiler -Wall

Note assertions via standard C assert() are on.

Target thread model: CUDA.
Default threads per block: 128; max. threads per block: 1024.

Read 44 user parameters from input
Increasing halo width to 4 to cover subgrid kernel (krange = 4)

System details
--------------
System size:    32 32 34
Decomposition:  1 1 1
Local domain:   32 32 34
Periodic:       1 1 1
Halo nhalo:     4
Reorder:        true
Initialised:    1

Free energy details
-------------------

Electrokinetics (single fluid) selected

Parameters:
Electrokinetic species:     2
Boltzmann factor:           1.0000000e+05 (T =  1.0000000e-05)
Unit charge:                1.0000000e+00
Permittivity:               1.0000000e+04
Bjerrum length:             7.9577472e-01
Valency species 0:          1
Diffusivity species 0:      1.0000000e-02
Valency species 1:         -1
Diffusivity species 1:      1.0000000e-02
Solver type:                        petsc
Solver stencil points:                 27
Relative tolerance:         1.0000000e-18
Absolute tolerance:         1.0000000e-18
Max. no. of iterations:             10000
Number of multisteps:       1
Diffusive accuracy in NPE:  0.0000000e+00
Force calculation:      phi_gradmu_correction

System properties
----------------
Mean fluid density:           8.00000e-01
Shear viscosity               5.00000e-02
Bulk viscosity                5.00000e-02
Temperature                   1.00000e-05
External body force density   0.00000e+00  0.00000e+00  0.00000e+00
External E-field amplitude    0.00000e+00  0.00000e+00  0.00000e+00
External E-field frequency    0.00000e+00
External magnetic field       0.00000e+00  0.00000e+00  0.00000e+00

Lattice Boltzmann distributions
-------------------------------
Model:            d3q19 R
SIMD vector len:  4
Number of sets:   1
Halo type:        full halo
Input format:     binary
Output format:    binary
I/O grid:         1 1 1

Lattice Boltzmann collision
---------------------------
Relaxation time scheme:   M10
Hydrodynamic modes:       on
Ghost modes:              on
Isothermal fluctuations:  off
Shear relaxation time:    6.87500e-01
Bulk relaxation time:     6.87500e-01
Ghost relaxation time:    1.00000e+00
[User   ] Random number seed: 8361235

Hydrodynamics
-------------
Hydrodynamics: on

Advection scheme order:  1 (default)

Initial charge densities
------------------------
Initial conditions:         Uniform
Initial condition rho_el:  0.0000000e+00
Debye length:                        inf

Porous Media
------------
Wall boundary links allocated:   10240
Memory (total, bytes):           163840

Colloid information
-------------------

Colloid I/O settings
--------------------
Decomposition:                1  1  1
Number of files:              1
Input format:                 ascii
Output format:                ascii
Single file read flag:        0

colloid_io_read: reading from config.cds.init.001-001 etc
Read a total of 1 colloids from file

Initialised 1 colloid

Colloid cell list information
-----------------------------
Input radius maximum:         1.0000000e+00
Final cell list:              7 7 7
Final cell lengths:           4.5714286e+00  4.5714286e+00  4.8571429e+00


Arranging initial charge neutrality.

[DIAG psi_electroneutral] qtot=1.0000000000000000e+00 n_near=1 n_near_global=1 vf=32768 vf_eff=32767 rho_el=0.0000000000000000e+00 rhoi=3.0518509475997192e-05 rhoi_opp=0.0000000000000000e+00 nc=1 nn=0
Subgrid kernel set from input: hann
Hann kernel order set from input: 8
Interlacing mode set from input: 0
Initial conditions.

Scalars - total mean variance min max
[rho]       26214.40  0.80000000000  4.3731685e-13  0.80000000000  0.80000000000
[psi]  0.0000000e+00  0.0000000e+00  0.0000000e+00
[rho]  0.0000000e+00  0.0000000e+00  0.0000000e+00
[rho]  1.0000000e+00  0.0000000e+00  3.0518509e-05
[elc] -1.0000000e+00 -3.0518509e-05  0.0000000e+00
[psi_zeta]  0.0000000e+00
[psi]  0.0000000e+00  0.0000000e+00  0.0000000e+00
[rho]  0.0000000e+00  0.0000000e+00  0.0000000e+00
[rho]  1.0000000e+00  0.0000000e+00  3.0518509e-05
[elc] -1.0000000e+00 -3.0518509e-05  0.0000000e+00

Free energies - timestep f v f/v f_s a f_s/a
[fe]              0 -1.1397177190e+01  3.2768000000e+04 -3.4781424531e-04  0.0000000000e+00

Momentum - x y z
[total   ]  0.0000000e+00  1.1368684e-13  0.0000000e+00
[fluid   ]  0.0000000e+00  1.1368684e-13  0.0000000e+00
[colloids]  0.0000000e+00  0.0000000e+00  0.0000000e+00
[subgrid ]  0.0000000e+00  0.0000000e+00  0.0000000e+00
[walls   ]  0.0000000e+00  0.0000000e+00  0.0000000e+00

Total force - x y z
[fluid   ]  0.0000000e+00  0.0000000e+00  0.0000000e+00
[colloids]  0.0000000e+00  0.0000000e+00  0.0000000e+00
[subgrid ]  0.0000000e+00  0.0000000e+00  0.0000000e+00

Starting time step loop.
Per-particle csv output frequency: 1
Kappa calculado: 0.017469547640393
particle_Esub.csv: created new file
particle_force.csv: created new file
Using non-Ewald solver

Constant-potential walls (PETSc, Asta et al. 2019)
Wall axis:                              z
Potential lower wall:       0.0000000e+00
Potential upper wall:       0.0000000e+00

Particle statistics:

Colloid velocities - x y z
[minimum ]  0.0000000e+00  0.0000000e+00  0.0000000e+00
[maximum ]  0.0000000e+00  0.0000000e+00  0.0000000e+00

Krylov solver
Norm of residual 1.44309e-16 at 20 iterations
Wall charge lower -1.093783379619638e-01 upper  1.093783379619805e-01
Fluid charge       2.686739719592879e-14 total  4.359013150434521e-14
  Current step =0
Writing distribution output at step 1!
MPIIO wrote to dist-000000001.001-001
-       dist aggregated  15.876 MB in   0.159 seconds
-       dist wrote       15.876 MB in   0.006 seconds
-       dist rate         2.852 GB per second
Writing colloid output at step 1!

colloid_io_write:
writing colloid information to config.cds00000001.001-001 etc
Writing electrokinetic data at step 1!
MPIIO wrote to psi-000000001.001-001
-        psi aggregated   0.836 MB in   0.011 seconds
-        psi wrote        0.836 MB in   0.001 seconds
-        psi rate         1.222 GB per second
MPIIO wrote to qsi-000000001.001-001
-        qsi aggregated   1.636 MB in   0.017 seconds
-        qsi wrote        1.636 MB in   0.001 seconds
-        qsi rate         1.775 GB per second
MPIIO wrote to efield-000000001.001-001
-     efield aggregated   2.437 MB in   0.029 seconds
-     efield wrote        2.437 MB in   0.001 seconds
-     efield rate         1.947 GB per second
Writing rho/velocity output at step 1!
MPIIO wrote to rho-000000001.001-001
-        rho aggregated   0.836 MB in   0.009 seconds
-        rho wrote        0.836 MB in   0.001 seconds
-        rho rate         1.480 GB per second
MPIIO wrote to vel-000000001.001-001
-        vel aggregated   2.437 MB in   0.032 seconds
-        vel wrote        2.437 MB in   0.001 seconds
-        vel rate         2.087 GB per second

Scalars - total mean variance min max
[rho]       26214.40  0.80000000000  2.9320990e-13  0.80000000000  0.80000000004
[psi]  3.5458221e+02 -5.8298328e-03  3.6834374e-01
[rho]  0.0000000e+00  0.0000000e+00  0.0000000e+00
[rho]  1.0000000e+00  0.0000000e+00  3.0662230e-05
[elc] -1.0000000e+00 -3.0662230e-05  0.0000000e+00
[psi_zeta]  0.0000000e+00
[psi]  3.5458221e+02 -5.8298328e-03  3.6834374e-01
[rho]  0.0000000e+00  0.0000000e+00  0.0000000e+00
[rho]  1.0000000e+00  0.0000000e+00  3.0662230e-05
[elc] -1.0000000e+00 -3.0662230e-05  0.0000000e+00

Free energies - timestep f v f/v f_s a f_s/a
[fe]              1 -1.1402600279e+01  3.2768000000e+04 -3.4797974486e-04  0.0000000000e+00

Momentum - x y z
[total   ] -3.7123082e-16 -4.4755866e-16 -1.5672774e-09
[fluid   ] -3.7123082e-16 -4.4755866e-16 -2.2194591e-09
[colloids]  0.0000000e+00  0.0000000e+00  0.0000000e+00
[subgrid ]  5.0639161e-25  1.2438955e-24 -1.5431087e-11
[walls   ]  0.0000000e+00  0.0000000e+00  6.6761285e-10

Total force - x y z
[fluid   ]  5.0862143e-23  1.2506458e-22 -1.5518474e-09
[colloids]  0.0000000e+00  0.0000000e+00  0.0000000e+00
[subgrid ]  5.0924440e-23  1.2509033e-22 -1.5518001e-09

Velocity - x y z
[minimum ] -1.2978263e-11 -1.2978263e-11 -2.1343769e-11
[maximum ]  1.2978263e-11  1.2978263e-11  1.0182934e-11

Completed cycle 1

Timer resolution: 1e-09 second

Timer statistics
             Section:       tmin       tmax      total
               Total:      1.515      1.515      1.515   1.515026 (1 call)
      Time step loop:      0.559      0.559      0.559   0.558942 (1 call)
         Propagation:      0.010      0.010      0.010   0.010004 (1 call)
    Propagtn (krnl) :      0.003      0.003      0.003   0.003164 (1 call)
           Collision:      0.019      0.019      0.019   0.019240 (1 call)
   Collision (krnl) :      0.019      0.019      0.019   0.018756 (1 call)
       Lattice halos:      0.000      0.009      0.020   0.003938 (5 calls)
            -> irecv:      0.000      0.000      0.000   0.000001 (2 calls)
             -> pack:      0.000      0.003      0.003   0.001480 (2 calls)
            -> isend:      0.000      0.000      0.000   0.000001 (2 calls)
          -> waitall:      0.000      0.000      0.000   0.000002 (2 calls)
           -> unpack:      0.000      0.001      0.001   0.000685 (2 calls)
       phi gradients:      0.000      0.000      0.000   0.000000 (1 call)
            -> irecv:      0.000      0.000      0.000   0.000001 (8 calls)
             -> pack:      0.000      0.001      0.002   0.000264 (8 calls)
            -> isend:      0.000      0.000      0.000   0.000000 (8 calls)
          -> waitall:      0.000      0.000      0.000   0.000001 (8 calls)
           -> unpack:      0.000      0.002      0.003   0.000414 (8 calls)
              Forces:      0.002      0.002      0.002   0.001693 (1 call)
             Rebuild:      0.002      0.002      0.002   0.001987 (1 call)
                 BBL:      0.009      0.009      0.009   0.009364 (1 call)
      Particle halos:      0.000      0.000      0.000   0.000037 (1 call)
   Force calculation:      0.005      0.024      0.029   0.014403 (2 calls)
          phi update:      0.000      0.000      0.000   0.000000 (1 call)
    Poisson equation:      0.105      0.105      0.105   0.104619 (1 call)
       Nernst Planck:      0.013      0.013      0.013   0.012639 (1 call)
Diagnostics / output:      0.339      0.339      0.339   0.339155 (1 call)
Warning: key/value present in input but not used:
(Line 83): pm_sr_rcut
Warning: key/value present in input but not used:
(Line 82): pm_sr_pair_ref
Warning: key/value present in input but not used:
(Line 81): pm_sr_sigma
End time: Sat Sep 26 18:01:23 2026
Ludwig finished normally.
