****************************************************************************
* hwloc 2.7.1 received invalid information from the operating system.
*
* Failed with: intersection without inclusion
* while inserting Group0 (P#8 cpuset 0x000f0000) at L1d (P#8 cpuset 0x00010006)
* coming from: linux:sysfs:cluster
*
* The following FAQ entry in the hwloc documentation may help:
*   What should I do when hwloc reports "operating system" warnings?
* Otherwise please report this error message to the hwloc user's mailing list,
* along with the files generated by the hwloc-gather-topology script.
* 
* hwloc will now ignore this invalid topology information and continue.
****************************************************************************
hwloc/linux: Ignoring PCI device with non-16bit domain.
Pass --enable-32bits-pci-domain to configure to support such devices
(warning: it would break the library ABI, don't enable unless really needed).
Welcome to: Ludwig v0.23.0 (Serial version running on 1 process)
Git commit: e2e0fd7cb5b2599d9615e757779c1b834df541c2

Start time: Sat Sep 26 18:01:45 2026

Compiler:
  name:           NVIDIA nvcc 13.3.73
  version-string: none
  options:        -ccbin=/usr/local/ompi/bin/mpicc -O0 -g -G -DADDR_SOA -DNSIMDVL=4 -arch=sm_89 -x cu -dc -Xcompiler -Wall

Note assertions via standard C assert() are on.

Target thread model: CUDA.
Default threads per block: 128; max. threads per block: 1024.

Read 44 user parameters from input

System details
--------------
System size:    32 32 34
Decomposition:  1 1 1
Local domain:   32 32 34
Periodic:       1 1 1
Halo nhalo:     3
Reorder:        true
Initialised:    1

Free energy details
-------------------

Electrokinetics (single fluid) selected

Parameters:
Electrokinetic species:     2
Boltzmann factor:           1.0000000e+05 (T =  1.0000000e-05)
Unit charge:                1.0000000e+00
Permittivity:               1.0000000e+04
Bjerrum length:             7.9577472e-01
Valency species 0:          1
Diffusivity species 0:      1.0000000e-02
Valency species 1:         -1
Diffusivity species 1:      1.0000000e-02
Solver type:                        petsc
Solver stencil points:                 27
Relative tolerance:         1.0000000e-18
Absolute tolerance:         1.0000000e-18
Max. no. of iterations:             10000
Number of multisteps:       1
Diffusive accuracy in NPE:  0.0000000e+00
Force calculation:      phi_gradmu_correction

System properties
----------------
Mean fluid density:           8.00000e-01
Shear viscosity               5.00000e-02
Bulk viscosity                5.00000e-02
Temperature                   1.00000e-05
External body force density   0.00000e+00  0.00000e+00  0.00000e+00
External E-field amplitude    0.00000e+00  0.00000e+00  0.00000e+00
External E-field frequency    0.00000e+00
External magnetic field       0.00000e+00  0.00000e+00  0.00000e+00

Lattice Boltzmann distributions
-------------------------------
Model:            d3q19 R
SIMD vector len:  4
Number of sets:   1
Halo type:        full halo
Input format:     binary
Output format:    binary
I/O grid:         1 1 1

Lattice Boltzmann collision
---------------------------
Relaxation time scheme:   M10
Hydrodynamic modes:       on
Ghost modes:              on
Isothermal fluctuations:  off
Shear relaxation time:    6.87500e-01
Bulk relaxation time:     6.87500e-01
Ghost relaxation time:    1.00000e+00
[User   ] Random number seed: 8361235

Hydrodynamics
-------------
Hydrodynamics: on

Advection scheme order:  1 (default)

Initial charge densities
------------------------
Initial conditions:         Uniform
Initial condition rho_el:  0.0000000e+00
Debye length:                        inf

Porous Media
------------
Wall boundary links allocated:   10240
Memory (total, bytes):           163840

Colloid information
-------------------

Colloid I/O settings
--------------------
Decomposition:                1  1  1
Number of files:              1
Input format:                 ascii
Output format:                ascii
Single file read flag:        0

colloid_io_read: reading from config.cds.init.001-001 etc
Read a total of 1 colloids from file

Initialised 1 colloid

Colloid cell list information
-----------------------------
Input radius maximum:         1.0000000e+00
Final cell list:              9 9 9
Final cell lengths:           3.5555556e+00  3.5555556e+00  3.7777778e+00


Arranging initial charge neutrality.

[DIAG psi_electroneutral] qtot=1.0000000000000000e+00 n_near=0 n_near_global=0 vf=32768 vf_eff=32768 rho_el=0.0000000000000000e+00 rhoi=3.0517578125000000e-05 rhoi_opp=0.0000000000000000e+00 nc=1 nn=0
Subgrid kernel set from input: hann
Hann kernel order set from input: 6
Interlacing mode set from input: 0
Initial conditions.

Scalars - total mean variance min max
[rho]       26214.40  0.80000000000  4.3731685e-13  0.80000000000  0.80000000000
[psi]  0.0000000e+00  0.0000000e+00  0.0000000e+00
[rho]  0.0000000e+00  0.0000000e+00  0.0000000e+00
[rho]  1.0000000e+00  0.0000000e+00  3.0517578e-05
[elc] -1.0000000e+00 -3.0517578e-05  0.0000000e+00
[psi_zeta]  0.0000000e+00
[psi]  0.0000000e+00  0.0000000e+00  0.0000000e+00
[rho]  0.0000000e+00  0.0000000e+00  0.0000000e+00
[rho]  1.0000000e+00  0.0000000e+00  3.0517578e-05
[elc] -1.0000000e+00 -3.0517578e-05  0.0000000e+00

Free energies - timestep f v f/v f_s a f_s/a
[fe]              0 -1.1397207708e+01  3.2768000000e+04 -3.4781517665e-04  0.0000000000e+00

Momentum - x y z
[total   ]  0.0000000e+00  1.1368684e-13  0.0000000e+00
[fluid   ]  0.0000000e+00  1.1368684e-13  0.0000000e+00
[colloids]  0.0000000e+00  0.0000000e+00  0.0000000e+00
[subgrid ]  0.0000000e+00  0.0000000e+00  0.0000000e+00
[walls   ]  0.0000000e+00  0.0000000e+00  0.0000000e+00

Total force - x y z
[fluid   ]  0.0000000e+00  0.0000000e+00  0.0000000e+00
[colloids]  0.0000000e+00  0.0000000e+00  0.0000000e+00
[subgrid ]  0.0000000e+00  0.0000000e+00  0.0000000e+00

Starting time step loop.
Per-particle csv output frequency: 1
Kappa calculado: 0.017469281074217
particle_Esub.csv: created new file
particle_force.csv: created new file
Using non-Ewald solver

Constant-potential walls (PETSc, Asta et al. 2019)
Wall axis:                              z
Potential lower wall:       0.0000000e+00
Potential upper wall:       0.0000000e+00

Particle statistics:

Colloid velocities - x y z
[minimum ]  0.0000000e+00  0.0000000e+00  0.0000000e+00
[maximum ]  0.0000000e+00  0.0000000e+00  0.0000000e+00

Krylov solver
Norm of residual 1.56448e-16 at 20 iterations
Wall charge lower -1.562499999999920e-01 upper  1.562500000000047e-01
Fluid charge       3.330669073875470e-16 total  1.310063169057685e-14
  Current step =0
Writing distribution output at step 1!
MPIIO wrote to dist-000000001.001-001
-       dist aggregated  15.876 MB in   0.157 seconds
-       dist wrote       15.876 MB in   0.005 seconds
-       dist rate         2.901 GB per second
Writing colloid output at step 1!

colloid_io_write:
writing colloid information to config.cds00000001.001-001 etc
Writing electrokinetic data at step 1!
MPIIO wrote to psi-000000001.001-001
-        psi aggregated   0.836 MB in   0.012 seconds
-        psi wrote        0.836 MB in   0.001 seconds
-        psi rate         1.292 GB per second
MPIIO wrote to qsi-000000001.001-001
-        qsi aggregated   1.636 MB in   0.017 seconds
-        qsi wrote        1.636 MB in   0.001 seconds
-        qsi rate         2.012 GB per second
MPIIO wrote to efield-000000001.001-001
-     efield aggregated   2.437 MB in   0.029 seconds
-     efield wrote        2.437 MB in   0.001 seconds
-     efield rate         2.029 GB per second
Writing rho/velocity output at step 1!
MPIIO wrote to rho-000000001.001-001
-        rho aggregated   0.836 MB in   0.009 seconds
-        rho wrote        0.836 MB in   0.001 seconds
-        rho rate         1.039 GB per second
MPIIO wrote to vel-000000001.001-001
-        vel aggregated   2.437 MB in   0.031 seconds
-        vel wrote        2.437 MB in   0.001 seconds
-        vel rate         1.918 GB per second

Scalars - total mean variance min max
[rho]       26214.40  0.80000000000  2.9432012e-13  0.79999999999  0.80000000009
[psi]  2.9532692e+02 -7.9241968e-03  5.0618825e-01
[rho]  0.0000000e+00  0.0000000e+00  0.0000000e+00
[rho]  1.0000000e+00  0.0000000e+00  3.1135731e-05
[elc] -1.0000000e+00 -3.1135731e-05  0.0000000e+00
[psi_zeta]  0.0000000e+00
[psi]  2.9532692e+02 -7.9241968e-03  5.0618825e-01
[rho]  0.0000000e+00  0.0000000e+00  0.0000000e+00
[rho]  1.0000000e+00  0.0000000e+00  3.1135731e-05
[elc] -1.0000000e+00 -3.1135731e-05  0.0000000e+00

Free energies - timestep f v f/v f_s a f_s/a
[fe]              1 -1.1401717150e+01  3.2768000000e+04 -3.4795279388e-04  0.0000000000e+00

Momentum - x y z
[total   ]  1.6653345e-16  1.4224733e-16 -3.0757402e-09
[fluid   ]  1.6653345e-16  1.4224733e-16 -3.9991183e-09
[colloids]  0.0000000e+00  0.0000000e+00  0.0000000e+00
[subgrid ] -1.0961491e-24  1.0513039e-24 -3.0296035e-11
[walls   ]  0.0000000e+00  0.0000000e+00  9.5367420e-10

Total force - x y z
[fluid   ] -1.1012731e-22  1.0570346e-22 -3.0454430e-09
[colloids]  0.0000000e+00  0.0000000e+00  0.0000000e+00
[subgrid ] -1.1018803e-22  1.0567995e-22 -3.0454430e-09

Velocity - x y z
[minimum ] -2.1290557e-11 -2.1290557e-11 -7.5569804e-11
[maximum ]  2.1290557e-11  2.1290557e-11  1.4888581e-11

Completed cycle 1

Timer resolution: 1e-09 second

Timer statistics
             Section:       tmin       tmax      total
               Total:      1.574      1.574      1.574   1.573975 (1 call)
      Time step loop:      0.521      0.521      0.521   0.521253 (1 call)
         Propagation:      0.001      0.001      0.001   0.001474 (1 call)
    Propagtn (krnl) :      0.001      0.001      0.001   0.001057 (1 call)
           Collision:      0.027      0.027      0.027   0.027342 (1 call)
   Collision (krnl) :      0.026      0.026      0.026   0.026126 (1 call)
       Lattice halos:      0.001      0.002      0.008   0.001539 (5 calls)
            -> irecv:      0.000      0.000      0.000   0.000001 (2 calls)
             -> pack:      0.000      0.001      0.001   0.000480 (2 calls)
            -> isend:      0.000      0.000      0.000   0.000001 (2 calls)
          -> waitall:      0.000      0.000      0.000   0.000001 (2 calls)
           -> unpack:      0.000      0.000      0.001   0.000410 (2 calls)
       phi gradients:      0.000      0.000      0.000   0.000000 (1 call)
            -> irecv:      0.000      0.000      0.000   0.000001 (8 calls)
             -> pack:      0.000      0.000      0.002   0.000233 (8 calls)
            -> isend:      0.000      0.000      0.000   0.000000 (8 calls)
          -> waitall:      0.000      0.000      0.000   0.000001 (8 calls)
           -> unpack:      0.000      0.000      0.001   0.000076 (8 calls)
              Forces:      0.003      0.003      0.003   0.003395 (1 call)
             Rebuild:      0.002      0.002      0.002   0.001622 (1 call)
                 BBL:      0.006      0.006      0.006   0.006471 (1 call)
      Particle halos:      0.000      0.000      0.000   0.000050 (1 call)
   Force calculation:      0.014      0.020      0.035   0.017328 (2 calls)
          phi update:      0.000      0.000      0.000   0.000000 (1 call)
    Poisson equation:      0.088      0.088      0.088   0.088209 (1 call)
       Nernst Planck:      0.011      0.011      0.011   0.010568 (1 call)
Diagnostics / output:      0.328      0.328      0.328   0.327901 (1 call)
Warning: key/value present in input but not used:
(Line 83): pm_sr_rcut
Warning: key/value present in input but not used:
(Line 82): pm_sr_pair_ref
Warning: key/value present in input but not used:
(Line 81): pm_sr_sigma
End time: Sat Sep 26 18:01:47 2026
Ludwig finished normally.
