****************************************************************************
* hwloc 2.7.1 received invalid information from the operating system.
*
* Failed with: intersection without inclusion
* while inserting Group0 (P#8 cpuset 0x000f0000) at L1d (P#8 cpuset 0x00010006)
* coming from: linux:sysfs:cluster
*
* The following FAQ entry in the hwloc documentation may help:
*   What should I do when hwloc reports "operating system" warnings?
* Otherwise please report this error message to the hwloc user's mailing list,
* along with the files generated by the hwloc-gather-topology script.
* 
* hwloc will now ignore this invalid topology information and continue.
****************************************************************************
hwloc/linux: Ignoring PCI device with non-16bit domain.
Pass --enable-32bits-pci-domain to configure to support such devices
(warning: it would break the library ABI, don't enable unless really needed).
Welcome to: Ludwig v0.23.0 (Serial version running on 1 process)
Git commit: e2e0fd7cb5b2599d9615e757779c1b834df541c2

Start time: Sat Sep 26 18:18:34 2026

Compiler:
  name:           NVIDIA nvcc 13.3.73
  version-string: none
  options:        -ccbin=/usr/local/ompi/bin/mpicc -O0 -g -G -DADDR_SOA -DNSIMDVL=4 -arch=sm_89 -x cu -dc -Xcompiler -Wall

Note assertions via standard C assert() are on.

Target thread model: CUDA.
Default threads per block: 128; max. threads per block: 1024.

Read 43 user parameters from input
Increasing halo width to 4 to cover subgrid kernel (krange = 4)

System details
--------------
System size:    4 4 34
Decomposition:  1 1 1
Local domain:   4 4 34
Periodic:       1 1 1
Halo nhalo:     4
Reorder:        true
Initialised:    1

Free energy details
-------------------

Electrokinetics (single fluid) selected

Parameters:
Electrokinetic species:     2
Boltzmann factor:           1.0000000e+05 (T =  1.0000000e-05)
Unit charge:                1.0000000e+00
Permittivity:               1.0000000e+04
Bjerrum length:             7.9577472e-01
Valency species 0:          1
Diffusivity species 0:      5.0000000e-02
Valency species 1:         -1
Diffusivity species 1:      5.0000000e-02
Solver type:                        petsc
Solver stencil points:                 27
Relative tolerance:         1.0000000e-18
Absolute tolerance:         1.0000000e-18
Max. no. of iterations:             10000
Number of multisteps:       1
Diffusive accuracy in NPE:  0.0000000e+00
Force calculation:      phi_gradmu_correction

System properties
----------------
Mean fluid density:           1.00000e+00
Shear viscosity               1.00000e-01
Bulk viscosity                1.00000e-01
Temperature                   1.00000e-05
External body force density   0.00000e+00  0.00000e+00  0.00000e+00
External E-field amplitude    0.00000e+00  0.00000e+00  0.00000e+00
External E-field frequency    0.00000e+00
External magnetic field       0.00000e+00  0.00000e+00  0.00000e+00

Lattice Boltzmann distributions
-------------------------------
Model:            d3q19 R
SIMD vector len:  4
Number of sets:   1
Halo type:        full halo
Input format:     binary
Output format:    binary
I/O grid:         1 1 1

Lattice Boltzmann collision
---------------------------
Relaxation time scheme:   M10
Hydrodynamic modes:       on
Ghost modes:              on
Isothermal fluctuations:  off
Shear relaxation time:    8.00000e-01
Bulk relaxation time:     8.00000e-01
Ghost relaxation time:    1.00000e+00
[User   ] Random number seed: 8361235

Hydrodynamics
-------------
Hydrodynamics: off

Advection scheme order:  1 (default)

Initial charge densities
------------------------
Initial conditions:         Uniform
Initial condition rho_el:  0.0000000e+00
Debye length:                        inf

Porous Media
------------
Wall boundary links allocated:   160
Memory (total, bytes):           2560

Arranging initial charge neutrality.

[DIAG psi_electroneutral] qtot=0.0000000000000000e+00 n_near=0 n_near_global=0 vf=512 vf_eff=512 rho_el=0.0000000000000000e+00 rhoi=0.0000000000000000e+00 rhoi_opp=0.0000000000000000e+00 nc=0 nn=1
Subgrid kernel set from input: hann
Hann kernel order set from input: 8
Initial conditions.

Scalars - total mean variance min max
[rho]         512.00  1.00000000000  0.0000000e+00  1.00000000000  1.00000000000
[psi]  0.0000000e+00  0.0000000e+00  0.0000000e+00
[rho]  0.0000000e+00  0.0000000e+00  0.0000000e+00
[rho]  0.0000000e+00  0.0000000e+00  0.0000000e+00
[elc]  0.0000000e+00  0.0000000e+00  0.0000000e+00
[psi]  0.0000000e+00  0.0000000e+00  0.0000000e+00
[rho]  0.0000000e+00  0.0000000e+00  0.0000000e+00
[rho]  0.0000000e+00  0.0000000e+00  0.0000000e+00
[elc]  0.0000000e+00  0.0000000e+00  0.0000000e+00

Free energy density - timestep total fluid
[fed]              0  0.0000000000e+00  0.0000000000e+00

Momentum - x y z
[total   ]  0.0000000e+00  0.0000000e+00  0.0000000e+00
[fluid   ]  0.0000000e+00  0.0000000e+00  0.0000000e+00
[walls   ]  0.0000000e+00  0.0000000e+00  0.0000000e+00

Starting time step loop.
Per-particle csv output frequency: 1
Kappa calculado: 0.000000000000000
particle_Esub.csv: appending to existing file
particle_force.csv: appending to existing file
Using non-Ewald solver

Building PM short-range correction tables
  kernel half-support (krange) = 4
  sigma   = 1.446
  r_cut   = 6
  n_voxel = 8
  nr (3D) = 32
PM short-range correction tables built.
  pair target shape = gauss
  pair reference  = measured on the mesh
pm_sr_pair_ref measured: r_cut too large for the box
[0] pm_sr_pair_table_build_measured failed
--------------------------------------------------------------------------
MPI_ABORT was invoked on rank 0 in communicator MPI COMM 3 DUP FROM 0
  Proc: [[60078,0],0]
  Errorcode: 0

NOTE: invoking MPI_ABORT causes Open MPI to kill all MPI processes.
You may or may not see output from other processes, depending on
exactly when Open MPI kills them.
--------------------------------------------------------------------------
